[2025-12-23T15:47:26.122Z] [INFO] Starting smart update check
[2025-12-23T15:47:26.548Z] [INFO] Internet connection confirmed
[2025-12-23T15:47:26.550Z] [INFO] 
============================================================
[2025-12-23T15:47:26.553Z] [INFO] Processing: New Medications (Updates)
[2025-12-23T15:47:26.555Z] [INFO] ============================================================
[2025-12-23T15:47:26.559Z] [INFO] Downloading: updates_2025-12-23T15-47-26-558Z.xlsx
[2025-12-23T15:47:26.830Z] [SUCCESS] Downloaded: updates_2025-12-23T15-47-26-558Z.xlsx
[2025-12-23T15:47:26.834Z] [INFO] Converting to CSV: updates_2025-12-23T15-47-26-558Z.xlsx
[2025-12-23T15:47:26.875Z] [SUCCESS] Converted: updates_2025-12-23T15-47-26-558Z.csv
[2025-12-23T15:47:26.876Z] [INFO] Fast importing: updates_2025-12-23T15-47-26-558Z.csv
[2025-12-23T15:47:27.125Z] [SUCCESS] Import completed
[2025-12-23T15:47:27.126Z] [SUCCESS] New Medications (Updates) - SUCCESS
[2025-12-23T15:47:27.127Z] [INFO] 
============================================================
[2025-12-23T15:47:27.128Z] [INFO] Processing: CNAM VEI (Reimbursed)
[2025-12-23T15:47:27.130Z] [INFO] ============================================================
[2025-12-23T15:47:27.135Z] [INFO] Downloading: cnam_reimbursed_2025-12-23T15-47-27-134Z.xlsx
[2025-12-23T15:47:27.820Z] [SUCCESS] Downloaded: cnam_reimbursed_2025-12-23T15-47-27-134Z.xlsx
[2025-12-23T15:47:27.822Z] [INFO] Converting to CSV: cnam_reimbursed_2025-12-23T15-47-27-134Z.xlsx
[2025-12-23T15:47:28.285Z] [SUCCESS] Converted: cnam_reimbursed_2025-12-23T15-47-27-134Z.csv
[2025-12-23T15:47:28.286Z] [INFO] Fast importing: cnam_reimbursed_2025-12-23T15-47-27-134Z.csv
[2025-12-23T15:47:42.044Z] [SUCCESS] Import completed
[2025-12-23T15:47:42.045Z] [SUCCESS] CNAM VEI (Reimbursed) - SUCCESS
[2025-12-23T15:47:42.053Z] [SUCCESS] Update completed and marked for today
[2025-12-23T15:47:56.305Z] [INFO] Update skipped - already updated today
